[technext.github.io/foodeiblog/index.html]
[backblue.gif]
[fade.gif]
[index.html]
[technext.github.io/foodeiblog/css/bootstrap.min.css]
[technext.github.io/foodeiblog/css/font-awesome.min.css]
[technext.github.io/foodeiblog/css/elegant-icons.css]
[technext.github.io/foodeiblog/css/owl.carousel.min.css]
[technext.github.io/foodeiblog/css/slicknav.min.css]
[technext.github.io/foodeiblog/css/style.css]
[technext.github.io/foodeiblog/index-2.html]
[technext.github.io/foodeiblog/img/humberger/humberger-logo.png]
[technext.github.io/foodeiblog/categories-grid.html]
[technext.github.io/foodeiblog/categories-list.html]
[technext.github.io/foodeiblog/single-post.html]
[technext.github.io/foodeiblog/signin.html]
[technext.github.io/foodeiblog/404.html]
[technext.github.io/foodeiblog/typography.html]
[technext.github.io/foodeiblog/about.html]
[technext.github.io/foodeiblog/contact.html]
[technext.github.io/foodeiblog/img/humberger/humberger-about.jpg]
[technext.github.io/foodeiblog/img/megamenu/p-1.jpg]
[technext.github.io/foodeiblog/img/megamenu/p-2.jpg]
[technext.github.io/foodeiblog/img/megamenu/p-3.jpg]
[technext.github.io/foodeiblog/img/megamenu/p-4.jpg]
[technext.github.io/foodeiblog/img/megamenu/p-5.jpg]
[technext.github.io/foodeiblog/img/logo.png]
[technext.github.io/foodeiblog/img/hero/hero-1.jpg]
[technext.github.io/foodeiblog/img/hero/hero-2.jpg]
[technext.github.io/foodeiblog/img/hero/hero-3.jpg]
[technext.github.io/foodeiblog/img/hero/hero-4.jpg]
[technext.github.io/foodeiblog/img/categories/cat-1.jpg]
[technext.github.io/foodeiblog/img/categories/cat-2.jpg]
[technext.github.io/foodeiblog/img/categories/cat-3.jpg]
[technext.github.io/foodeiblog/img/categories/cat-4.jpg]
[technext.github.io/foodeiblog/img/categories/categories-post/cp-1.jpg]
[technext.github.io/foodeiblog/img/categories/categories-post/cp-2.jpg]
[technext.github.io/foodeiblog/img/categories/categories-post/cp-4.jpg]
[technext.github.io/foodeiblog/img/categories/categories-post/cp-6.jpg]
[technext.github.io/foodeiblog/img/categories/categories-post/cp-8.jpg]
[technext.github.io/foodeiblog/img/categories/categories-post/cp-3.jpg]
[technext.github.io/foodeiblog/img/categories/categories-post/quote.png]
[technext.github.io/foodeiblog/img/categories/categories-post/cp-5.jpg]
[technext.github.io/foodeiblog/img/categories/categories-post/cp-7.jpg]
[technext.github.io/foodeiblog/img/sidebar/sidebar-about.jpg]
[technext.github.io/foodeiblog/img/sidebar/feature-post.jpg]
[technext.github.io/foodeiblog/img/sidebar/banner.jpg]
[technext.github.io/foodeiblog/img/footer/instagram-avatar.jpg]
[technext.github.io/foodeiblog/img/footer/ip-1.jpg]
[technext.github.io/foodeiblog/img/footer/ip-2.jpg]
[technext.github.io/foodeiblog/img/footer/ip-3.jpg]
[technext.github.io/foodeiblog/img/footer/ip-4.jpg]
[technext.github.io/foodeiblog/img/footer/ip-5.jpg]
[technext.github.io/foodeiblog/img/footer/ip-6.jpg]
[technext.github.io/foodeiblog/js/jquery-3.3.1.min.js]
[technext.github.io/foodeiblog/js/bootstrap.min.js]
[technext.github.io/foodeiblog/js/jquery.slicknav.js]
[technext.github.io/foodeiblog/js/owl.carousel.min.js]
[technext.github.io/foodeiblog/js/main.js]
[technext.github.io/foodeiblog/index.html]
[technext.github.io/foodeiblog/css/bootstrap.min.css]
[technext.github.io/foodeiblog/fonts/fontawesome-webfont3e6e.eot]
[technext.github.io/foodeiblog/fonts/fontawesome-webfontd41d.eot]
[technext.github.io/foodeiblog/fonts/fontawesome-webfont3e6e.woff2]
[technext.github.io/foodeiblog/fonts/fontawesome-webfont3e6e.woff]
[technext.github.io/foodeiblog/fonts/fontawesome-webfont3e6e.ttf]
[technext.github.io/foodeiblog/css/font-awesome.min.css]
[technext.github.io/foodeiblog/fonts/fontawesome-webfont3e6e.svg]
[technext.github.io/foodeiblog/fonts/ElegantIcons.eot]
[technext.github.io/foodeiblog/fonts/ElegantIconsd41d.eot]
[technext.github.io/foodeiblog/fonts/ElegantIcons.woff]
[technext.github.io/foodeiblog/fonts/ElegantIcons.ttf]
[technext.github.io/foodeiblog/css/elegant-icons.css]
[technext.github.io/foodeiblog/fonts/ElegantIcons.svg]
[technext.github.io/foodeiblog/css/owl.video.play.png]
[technext.github.io/foodeiblog/css/owl.carousel.min.css]
[technext.github.io/foodeiblog/css/slicknav.min.css]
[technext.github.io/foodeiblog/img/line.png]
[technext.github.io/foodeiblog/img/categories/single-post/quote-left.png]
[technext.github.io/foodeiblog/css/style.css]
[technext.github.io/foodeiblog/index-2.html]
[technext.github.io/foodeiblog/categories-grid.html]
[technext.github.io/foodeiblog/img/categories/categories-list/cl-1.jpg]
[technext.github.io/foodeiblog/img/categories/categories-list/cl-2.jpg]
[technext.github.io/foodeiblog/img/categories/categories-list/cl-3.jpg]
[technext.github.io/foodeiblog/img/categories/categories-list/cl-4.jpg]
[technext.github.io/foodeiblog/img/categories/categories-list/cl-5.jpg]
[technext.github.io/foodeiblog/img/categories/categories-list/cl-6.jpg]
[technext.github.io/foodeiblog/img/categories/categories-list/cl-7.jpg]
[technext.github.io/foodeiblog/categories-list.html]
[technext.github.io/foodeiblog/img/categories/single-post/single-post-hero.jpg]
[technext.github.io/foodeiblog/img/categories/single-post/single-post-desc.jpg]
[technext.github.io/foodeiblog/img/categories/single-post/author-profile.jpg]
[technext.github.io/foodeiblog/img/categories/single-post/comment/comment-1.jpg]
[technext.github.io/foodeiblog/img/categories/single-post/comment/comment-2.jpg]
[technext.github.io/foodeiblog/img/categories/single-post/comment/comment-3.jpg]
[technext.github.io/foodeiblog/single-post.html]
[technext.github.io/foodeiblog/img/siign-in-logo.png]
[technext.github.io/foodeiblog/signin.html]
[technext.github.io/foodeiblog/404.html]
[technext.github.io/foodeiblog/img/typography.jpg]
[technext.github.io/foodeiblog/typography.html]
[technext.github.io/foodeiblog/hoindexme.html]
[technext.github.io/foodeiblog/img/about/about-1.jpg]
[technext.github.io/foodeiblog/img/about/about-2.jpg]
[technext.github.io/foodeiblog/img/about/about-3.jpg]
[technext.github.io/foodeiblog/about.html]
[technext.github.io/foodeiblog/contact.html]
[technext.github.io/foodeiblog/fonts/fontawesome-webfont3e6e.svg]
[technext.github.io/foodeiblog/fonts/ElegantIcons.svg]
[technext.github.io/foodeiblog/css/owl.video.play.html]
[technext.github.io/foodeiblog/img/line.html]
[technext.github.io/foodeiblog/hoindexme.html]
